#-----------------------------------------------------------
# Vivado v2022.2 (64-bit)
# SW Build 3671981 on Fri Oct 14 05:00:03 MDT 2022
# IP Build 3669848 on Fri Oct 14 08:30:02 MDT 2022
# Start of session at: Tue Apr 18 15:33:04 2023
# Process ID: 21364
# Current directory: D:/Desktop/Asynchronous_click_sram
# Command line: vivado.exe -gui_launcher_event rodinguilauncherevent23964 D:\Desktop\Asynchronous_click_sram\Asynchronous_click_sram.xpr
# Log file: D:/Desktop/Asynchronous_click_sram/vivado.log
# Journal file: D:/Desktop/Asynchronous_click_sram\vivado.jou
# Running On: DESKTOP-FELKDMR, OS: Windows, CPU Frequency: 2904 MHz, CPU Physical cores: 6, Host memory: 16914 MB
#-----------------------------------------------------------
start_gui
open_project D:/Desktop/Asynchronous_click_sram/Asynchronous_click_sram.xpr
launch_simulation -mode post-synthesis -type functional
source top_tb.tcl
run all
launch_simulation
source top_tb.tcl
run all
add_bp {D:/Desktop/Asynchronous_click_sram/Asynchronous_click_sram.srcs/sim_1/new/top_tb.v} 10
close_sim
launch_simulation
source top_tb.tcl
run all
run all
close_sim
launch_simulation
source top_tb.tcl
run all
run all
close_sim
launch_simulation
source top_tb.tcl
run all
run all
close_sim
launch_simulation
source top_tb.tcl
run all
run all
run all
close_sim
launch_simulation
source top_tb.tcl
run all
close_sim
launch_simulation
source top_tb.tcl
run all
run all
run all
run all
run all
run all
run all
close_sim
launch_simulation
source top_tb.tcl
current_wave_config {Untitled 9}
add_wave {{/top_tb/u_top/click_req/fire}} 
relaunch_sim
close [ open D:/Desktop/Asynchronous_click_sram/Asynchronous_click_sram.srcs/sources_1/new/NUMLED.v w ]
add_files D:/Desktop/Asynchronous_click_sram/Asynchronous_click_sram.srcs/sources_1/new/NUMLED.v
reset_run synth_1
launch_runs impl_1 -jobs 6
wait_on_run impl_1
reset_run synth_1
launch_runs synth_1 -jobs 6
wait_on_run synth_1
launch_runs impl_1 -jobs 6
wait_on_run impl_1
file mkdir D:/Desktop/Asynchronous_click_sram/Asynchronous_click_sram.srcs/constrs_1
file mkdir D:/Desktop/Asynchronous_click_sram/Asynchronous_click_sram.srcs/constrs_1/new
close [ open D:/Desktop/Asynchronous_click_sram/Asynchronous_click_sram.srcs/constrs_1/new/click_ram.xdc w ]
add_files -fileset constrs_1 D:/Desktop/Asynchronous_click_sram/Asynchronous_click_sram.srcs/constrs_1/new/click_ram.xdc
reset_run synth_1
launch_runs impl_1 -to_step write_bitstream -jobs 6
wait_on_run impl_1
open_hw_manager
connect_hw_server -allow_non_jtag
open_hw_target
set_property PROGRAM.FILE {D:/Desktop/Asynchronous_click_sram/Asynchronous_click_sram.runs/impl_1/top.bit} [get_hw_devices xc7a100t_0]
current_hw_device [get_hw_devices xc7a100t_0]
refresh_hw_device -update_hw_probes false [lindex [get_hw_devices xc7a100t_0] 0]
set_property PROBES.FILE {} [get_hw_devices xc7a100t_0]
set_property FULL_PROBES.FILE {} [get_hw_devices xc7a100t_0]
set_property PROGRAM.FILE {D:/Desktop/Asynchronous_click_sram/Asynchronous_click_sram.runs/impl_1/top.bit} [get_hw_devices xc7a100t_0]
program_hw_devices [get_hw_devices xc7a100t_0]
refresh_hw_device [lindex [get_hw_devices xc7a100t_0] 0]
close_hw_manager
close_design
reset_run synth_1
launch_runs impl_1 -to_step write_bitstream -jobs 6
wait_on_run impl_1
open_hw_manager
connect_hw_server -allow_non_jtag
open_hw_target
set_property PROGRAM.FILE {D:/Desktop/Asynchronous_click_sram/Asynchronous_click_sram.runs/impl_1/top.bit} [get_hw_devices xc7a100t_0]
current_hw_device [get_hw_devices xc7a100t_0]
refresh_hw_device -update_hw_probes false [lindex [get_hw_devices xc7a100t_0] 0]
set_property PROBES.FILE {} [get_hw_devices xc7a100t_0]
set_property FULL_PROBES.FILE {} [get_hw_devices xc7a100t_0]
set_property PROGRAM.FILE {D:/Desktop/Asynchronous_click_sram/Asynchronous_click_sram.runs/impl_1/top.bit} [get_hw_devices xc7a100t_0]
program_hw_devices [get_hw_devices xc7a100t_0]
refresh_hw_device [lindex [get_hw_devices xc7a100t_0] 0]
close_hw_manager
close_sim
close_sim
